CHANGED inputs considered out of date
out of date: 1.txt
added: 4.txt
