> Task :incrementalReverse
ALL inputs considered out of date
